// Jest Snapshot v1, https://goo.gl/fbAQLP

exports[`AlertList action snapshot 1`] = `
<div>
  <div
    class="fade alert alert-info alert-dismissible show"
    role="alert"
  >
    <button
      class="close"
      type="button"
    >
      <span
        aria-hidden="true"
      >
        Ã—
      </span>
      <span
        class="sr-only"
      >
        Close alert
      </span>
    </button>
    <ul>
      <li>
        Mensagem teste
      </li>
    </ul>
  </div>
</div>
`;
